../Core/Src/main.c:90:5:main	64	static
../Core/Src/main.c:170:6:SystemClock_Config	72	static
../Core/Src/main.c:210:13:MX_I2C1_Init	8	static
../Core/Src/main.c:244:13:MX_TIM1_Init	96	static
../Core/Src/main.c:319:13:MX_TIM2_Init	32	static
../Core/Src/main.c:364:13:MX_USART2_UART_Init	8	static
../Core/Src/main.c:397:13:MX_GPIO_Init	40	static
../Core/Src/main.c:432:6:HAL_TIM_PeriodElapsedCallback	32	static
../Core/Src/main.c:445:6:motorControl	24	static,ignoring_inline_asm
../Core/Src/main.c:496:6:Error_Handler	4	static,ignoring_inline_asm
